// Jest Snapshot v1, https://goo.gl/fbAQLP

exports[`<Button /> <Button text="Test" /> 1`] = `
<Button
  onPress={[Function]}
  text="Test"
>
  <Touchable
    activeValue={1}
    delayLongPress={500}
    delayPressIn={0}
    delayPressOut={100}
    onPress={[Function]}
    press={
      AnimatedValue {
        "_animation": null,
        "_children": Array [],
        "_listeners": Object {},
        "_offset": 0,
        "_value": 0,
      }
    }
    pressDuration={150}
    pressRetentionOffset={
      Object {
        "bottom": 30,
        "left": 20,
        "right": 20,
        "top": 20,
      }
    }
  >
    <View
      onResponderGrant={[Function]}
      onResponderMove={[Function]}
      onResponderRelease={[Function]}
      onResponderTerminate={[Function]}
      onResponderTerminationRequest={[Function]}
      onStartShouldSetResponder={[Function]}
      style={
        Array [
          64,
          Array [
            65,
            undefined,
          ],
        ]
      }
    >
      <div
        className="rn-alignItems-1oszu61 rn-backgroundColor-1lb2wte rn-borderTopLeftRadius-3v92ek rn-borderTopRightRadius-fm6ini rn-borderBottomRightRadius-x4nnad rn-borderBottomLeftRadius-1rz6xei rn-borderTopStyle-1efd50x rn-borderRightStyle-14skgim rn-borderBottomStyle-rull8r rn-borderLeftStyle-mm0ijv rn-borderTopWidth-13yce4e rn-borderRightWidth-fnigne rn-borderBottomWidth-ndvcnb rn-borderLeftWidth-gxnn5r rn-boxSizing-deolkf rn-cursor-1loqt21 rn-display-6koalj rn-flexShrink-1pxmb3b rn-flexBasis-7vfszb rn-flexDirection-eqz5dr rn-marginTop-1mnahxq rn-marginRight-61z16t rn-marginBottom-p1pxzi rn-marginLeft-11wrixw rn-minHeight-ifefl9 rn-minWidth-bcqeeo rn-paddingTop-5t7p9m rn-paddingRight-n3sdqm rn-paddingBottom-i03k3n rn-paddingLeft-y8nl5v rn-position-bnwqim"
        onResponderGrant={[Function]}
        onResponderMove={[Function]}
        onResponderRelease={[Function]}
        onResponderTerminate={[Function]}
        onResponderTerminationRequest={[Function]}
        onStartShouldSetResponder={[Function]}
      >
        <Text
          style={66}
        >
          <div
            className="rn-backgroundColor-wib322 rn-borderTopWidth-13yce4e rn-borderRightWidth-fnigne rn-borderBottomWidth-ndvcnb rn-borderLeftWidth-gxnn5r rn-boxSizing-deolkf rn-color-13p8erv rn-display-1471scf rn-font-1lw9tu2 rn-fontFamily-1x2decy rn-fontSize-ubezar rn-fontWeight-vw2c0b rn-marginTop-1mnahxq rn-marginRight-61z16t rn-marginBottom-p1pxzi rn-marginLeft-11wrixw rn-paddingTop-wk8lta rn-paddingRight-9aemit rn-paddingBottom-1mdbw0j rn-paddingLeft-gy4na3 rn-textAlign-q4m81j rn-textDecoration-bauka4 rn-whiteSpace-q42fyq rn-wordWrap-qvutc0"
            dir="auto"
          >
            TEST
          </div>
        </Text>
      </div>
    </View>
  </Touchable>
</Button>
`;
